// Jest Snapshot v1, https://goo.gl/fbAQLP

exports[`<CardList /> snapshot 1`] = `
<ul
  className="flex flex-col flex-wrap justify-between gap-y-[8px] sm:flex-row sm:gap-x-[16px] sm:gap-y-[16px]"
>
  <li
    className="flex"
  >
    <div>
      0
    </div>
  </li>
  <li
    className="flex"
  >
    <div>
      1
    </div>
  </li>
  <li
    className="flex"
  >
    <div>
      2
    </div>
  </li>
  <li
    className="flex"
  >
    <div>
      3
    </div>
  </li>
  <li
    className="flex"
  >
    <div>
      4
    </div>
  </li>
  <li
    className="flex"
  >
    <div>
      5
    </div>
  </li>
  <li
    className="flex"
  >
    <div>
      6
    </div>
  </li>
  <li
    className="flex"
  >
    <div>
      7
    </div>
  </li>
  <li
    className="flex"
  >
    <div>
      8
    </div>
  </li>
  <li
    className="flex"
  >
    <div>
      9
    </div>
  </li>
</ul>
`;
